I/O options:
  database file   : multi_seq_ref.fasta
  query file      : query_e0.05.fasta
  alphabet        : dna5
  output file     : 1_2_0.05.gff
  output format   : gff

User specified parameters:
  minimal match length             : 50
  maximal error rate (epsilon)     : 0.05 = (1/20)
  maximal x-drop                   : 5
  search forward strand            : yes
  search reverse complement        : yes

  verification strategy            : exact
  maximal number of matches        : 50
  duplicate removal every          : 500

Calculated parameters:
  k-mer length : 15
  s^min        : 15
  threshold    : 1
  distance cut : 45
  delta        : 16
  overlap      : 2

Loaded 1 query sequence.
Loaded sequence chr2.
Loaded sequence chr3.

All matches resulting from your search have an E-value of: 
        2.16384e-17 or smaller  (match score = 1, error penalty = -2)

Constructing index...

Aligning all query sequences to database sequence...
  chr2
    # SWIFT hits      : 1
    Longest hit       : 36
    Avg hit length    : 36
  chr3
  chr2, complement
    # SWIFT hits      : 2
    Longest hit       : 36
    Avg hit length    : 32
  chr3, complement
    # SWIFT hits      : 1
    Longest hit       : 18
    Avg hit length    : 18

# Eps-matches     : 3
Longest eps-match : 51
Avg match length  : 50
