I/O options:
  database file   : ref.fasta
  query file      : query_e0.0009.fasta
  alphabet        : dna5
  output file     : edge_case_e0.gff
  output format   : gff

User specified parameters:
  minimal match length             : 1000
  maximal error rate (epsilon)     : 0 = (0/1)
  maximal x-drop                   : 5
  search forward strand            : yes
  search reverse complement        : yes

  verification strategy            : exact
  maximal number of matches        : 50
  duplicate removal every          : 500

Calculated parameters:
  k-mer length : 32
  s^min        : 1000
  threshold    : 969
  distance cut : 1000
  delta        : 16
  overlap      : 0

Loaded 1 query sequence.
Loaded 1 database sequence.

All matches resulting from your search have an E-value of: 
        0 or smaller  (match score = 1, error penalty = -2)

Constructing index...

Aligning all query sequences to database sequence...
  1
    # SWIFT hits      : 1087
    Longest hit       : 32
    Avg hit length    : 32
  1, complement

# Eps-matches     : 0
