I/O options:
  database file   : 512_simSeq1_0.fa
  query file      : 512_simSeq2_0.fa
  alphabet        : char
  output file     : char_reverse/0.txt
  output format   : txt

User specified parameters:
  minimal match length             : 50
  maximal error rate (epsilon)     : 0 = (0/1)
  maximal x-drop                   : 10
  k-mer (q-gram) length            : 7
  search forward strand            : no
  search reverse complement        : yes

  verification strategy            : exact
  maximal number of matches        : 5000
  duplicate removal every          : 10000

Calculated parameters:
  s^min        : 50
  threshold    : 44
  distance cut : 50
  delta        : 16
  overlap      : 0

Loaded 1 query sequence.
Loaded 1 database sequence.

Constructing index...

Aligning all query sequences to database sequence...

# Eps-matches     : 0
